Found 52 books to fix.
NG DIE WITH ZERO 人生が豊かになりすぎる究極のルール: Not found
NG 週刊文春エンタ+ (文春ムック): Not found
NG 最終兵器彼女（7）: Not found
NG エロマンガ表現史: Not found
NG 現代横歩取りのすべて: Not found
NG 絶対に行けない世界の非公開区域99: Not found
NG アニメ95．2: Not found
NG リバーズ・エッジオリジナル復刻版: Not found
NG pink新装版: Not found
NG バーナード嬢曰く。: Not found
NG アニメ秘宝発進準備号オールタイム・ベスト・アニメーション: Not found
NG プロジェクト・シン・エヴァンゲリオン　実績・省察・評価・総括: Not found
NG 王様ゲーム滅亡6．08: Not found
NG 王様ゲーム（終極）: Not found
NG 王様ゲーム（臨場）: Not found
NG アニメ研究入門増補改訂版: Not found
NG 遅いインターネット: Not found
NG ご注文はうさぎですか？（1）: Not found
NG ご注文はうさぎですか？（3）: Not found
NG STEINS；GATEコミックアンソロジー: Not found
NG マジキュー4コマSTEINS；GATE世界線変動率χ．091015％（1）: Not found
NG マジキュー4コマSTEINS；GATE世界線変動率χ．091015％（2）: Not found
NG マジキュー4コマSTEINS；GATE（4）: Not found
NG マジキュー4コマSTEINS；GATE（5）: Not found
NG マジキュー4コマSTEINS；GATE（6）: Not found
NG マジキュー4コマSTEINS；GATE（3）: Not found
NG New game! volume 10: Not found
NG New game! volume 11: Not found
NG New game! 12: Not found
NG New game! 13: Not found
NG STEINS;GATE : 円環連鎖のウロボロス. 2: Not found
NG STEINS;GATE 5 (六分儀のイディオム 後編): Not found
NG STEINS;GATE : 蝶翼のダイバージェンス:Reverse: Not found
NG STEINS;GATE. 2 (形而上のネクローシス:Reverse): Not found
NG STEINS; GATE 3 (境界面上のシュタインズ・ゲート: Rebirth): Not found
NG STEINS;GATE 4 (六分儀のイディオム 前編): Not found
NG STEINS;GATE 5 (六分儀のイディオム 後編): Not found
NG STEINS;GATE : 円環連鎖のウロボロス. 2: Not found
NG STEINS;GATE : 線形拘束のモザイシズム: Not found
NG Steins;Gate永劫回帰のパンドラ. 1: Not found
NG Steins;Gate閉時曲線のエピグラフ: Not found
NG Steins;Gate閉時曲線のエピグラフ 2: Not found
NG STEINS;GATE : 哀心迷図のバベル: Not found
NG Steins;gate : 史上最強のスライトフィーバー. 1: Not found
NG STEINS;GATE : 史上最強のスライトフィーバー. 2: Not found
NG Steins ; gate : 亡環のリベリオン 1: Not found
NG Steins ; gate : 亡環のリベリオン 2: Not found
NG Steins;gate : 亡環のリベリオン 3: Not found
NG シュタインズ・ゲート 1: Not found
NG シュタインズ・ゲート. 2: Not found
NG シュタインズ・ゲート. 3: Not found
NG 改憲的護憲論: Not found
Finished!
