
> function normalizeDate(dateStr) {
      if (!dateStr) return "";
      
      // YYYY蟷ｴMM譛・D譌･
      let match = dateStr.match(/(19\d{2}|20\d{2})蟷ｴ(\d{1,2})譛・\d{1,2})譌･/);
      if (match) {
          return `${match[1]}-${match[2].padStart(2, '0')}-${match[3].padStart(2, '0')}`;
      }
      match = dateStr.match(/(19\d{2}|20\d{2})蟷ｴ(\d{1,2})譛・);
      if (match) {
          return `${match[1]}-${match[2].padStart(2, '0')}`;
      }
      match = dateStr.match(/(19\d{2}|20\d{2})蟷ｴ/);
      if (match) {
          return match[1];
      }
      
      // YYYY/MM/DD or YYYY.MM.DD or YYYY-MM-DD
      match = dateStr.match(/(19\d{2}|20\d{2})[\/\.\-](\d{1,2})[\/\.\-](\d{1,2})/);
      if (match) {
          return `${match[1]}-${match[2].padStart(2, '0')}-${match[3].padStart(2, '0')}`;
      }
      
      // YYYY/MM or YYYY.MM or YYYY-MM
      match = dateStr.match(/(19\d{2}|20\d{2})[\/\.\-](\d{1,2})/);
      if (match) {
          return `${match[1]}-${match[2].padStart(2, '0')}`;
      }
      
      // YY/MM/DD or YY.MM.DD
      match = dateStr.match(/^(\d{2})[\/\.\-](\d{1,2})[\/\.\-](\d{1,2})/);


