Collecting duckduckgo-search
  Downloading duckduckgo_search-8.1.1-py3-none-any.whl (18 kB)
Collecting click>=8.1.8
  Downloading click-8.4.2-py3-none-any.whl (119 kB)
     -------------------------------------- 119.2/119.2 kB 7.3 MB/s eta 0:00:00
Collecting primp>=0.15.0
  Downloading primp-1.3.1-cp310-abi3-win_amd64.whl (4.7 MB)
     ---------------------------------------- 4.7/4.7 MB 7.4 MB/s eta 0:00:00
Collecting lxml>=5.3.0
  Downloading lxml-6.1.1-cp310-cp310-win_amd64.whl (4.0 MB)
     ---------------------------------------- 4.0/4.0 MB 7.8 MB/s eta 0:00:00
Requirement already satisfied: colorama in c:\users\senji\appdata\local\programs\python\python310\lib\site-packages (from click>=8.1.8->duckduckgo-search) (0.4.6)
Installing collected packages: primp, lxml, click, duckduckgo-search
  Attempting uninstall: click
    Found existing installation: click 8.1.6
    Uninstalling click-8.1.6:
      Successfully uninstalled click-8.1.6
Successfully installed click-8.4.2 duckduckgo-search-8.1.1 lxml-6.1.1 primp-1.3.1

[notice] A new release of pip is available: 23.0.1 -> 26.1.2
[notice] To update, run: python.exe -m pip install --upgrade pip
