warning: in the working copy of '.system_generated/logs/transcript.jsonl', LF will be replaced by CRLF the next time Git touches it
warning: in the working copy of '.system_generated/logs/transcript_full.jsonl', LF will be replaced by CRLF the next time Git touches it
warning: in the working copy of '.system_generated/tasks/task-1046.log', LF will be replaced by CRLF the next time Git touches it
warning: in the working copy of '.system_generated/tasks/task-1890.log', LF will be replaced by CRLF the next time Git touches it
warning: in the working copy of '.system_generated/tasks/task-1907.log', LF will be replaced by CRLF the next time Git touches it
warning: in the working copy of '.system_generated/tasks/task-1923.log', LF will be replaced by CRLF the next time Git touches it
warning: in the working copy of '.system_generated/tasks/task-1942.log', LF will be replaced by CRLF the next time Git touches it
warning: in the working copy of '.system_generated/tasks/task-1968.log', LF will be replaced by CRLF the next time Git touches it
warning: in the working copy of '.system_generated/tasks/task-1990.log', LF will be replaced by CRLF the next time Git touches it
warning: in the working copy of '.system_generated/tasks/task-3651.log', LF will be replaced by CRLF the next time Git touches it
warning: in the working copy of '.system_generated/tasks/task-3659.log', LF will be replaced by CRLF the next time Git touches it
warning: in the working copy of '.system_generated/tasks/task-3662.log', LF will be replaced by CRLF the next time Git touches it
warning: in the working copy of '.system_generated/tasks/task-3665.log', LF will be replaced by CRLF the next time Git touches it
warning: in the working copy of '.system_generated/tasks/task-3668.log', LF will be replaced by CRLF the next time Git touches it
warning: in the working copy of '.system_generated/tasks/task-3692.log', LF will be replaced by CRLF the next time Git touches it
warning: in the working copy of '.system_generated/tasks/task-3698.log', LF will be replaced by CRLF the next time Git touches it
warning: in the working copy of '.system_generated/tasks/task-3701.log', LF will be replaced by CRLF the next time Git touches it
warning: in the working copy of '.system_generated/tasks/task-3723.log', LF will be replaced by CRLF the next time Git touches it
warning: in the working copy of '.system_generated/tasks/task-3726.log', LF will be replaced by CRLF the next time Git touches it
warning: in the working copy of '.system_generated/tasks/task-3729.log', LF will be replaced by CRLF the next time Git touches it
warning: in the working copy of '.system_generated/tasks/task-3732.log', LF will be replaced by CRLF the next time Git touches it
warning: in the working copy of '.system_generated/tasks/task-3735.log', LF will be replaced by CRLF the next time Git touches it
warning: in the working copy of '.system_generated/tasks/task-3738.log', LF will be replaced by CRLF the next time Git touches it
warning: in the working copy of '.system_generated/tasks/task-3741.log', LF will be replaced by CRLF the next time Git touches it
warning: in the working copy of '.system_generated/tasks/task-3744.log', LF will be replaced by CRLF the next time Git touches it
warning: in the working copy of '.system_generated/tasks/task-3915.log', LF will be replaced by CRLF the next time Git touches it
warning: in the working copy of '.system_generated/tasks/task-3952.log', LF will be replaced by CRLF the next time Git touches it
warning: in the working copy of '.system_generated/tasks/task-4021.log', LF will be replaced by CRLF the next time Git touches it
warning: in the working copy of '.system_generated/tasks/task-4036.log', LF will be replaced by CRLF the next time Git touches it
warning: in the working copy of '.system_generated/tasks/task-4052.log', LF will be replaced by CRLF the next time Git touches it
warning: in the working copy of '.system_generated/tasks/task-4090.log', LF will be replaced by CRLF the next time Git touches it
warning: in the working copy of '.system_generated/tasks/task-4202.log', LF will be replaced by CRLF the next time Git touches it
warning: in the working copy of '.system_generated/tasks/task-6472.log', LF will be replaced by CRLF the next time Git touches it
warning: in the working copy of '.system_generated/tasks/task-6514.log', LF will be replaced by CRLF the next time Git touches it
warning: in the working copy of '.system_generated/tasks/task-6566.log', LF will be replaced by CRLF the next time Git touches it
warning: in the working copy of '.system_generated/tasks/task-6595.log', LF will be replaced by CRLF the next time Git touches it
warning: in the working copy of '.system_generated/tasks/task-6648.log', LF will be replaced by CRLF the next time Git touches it
warning: in the working copy of '.system_generated/tasks/task-6676.log', LF will be replaced by CRLF the next time Git touches it
warning: in the working copy of '.system_generated/tasks/task-6700.log', LF will be replaced by CRLF the next time Git touches it
warning: in the working copy of '.system_generated/tasks/task-6718.log', LF will be replaced by CRLF the next time Git touches it
warning: in the working copy of '.system_generated/tasks/task-6759.log', LF will be replaced by CRLF the next time Git touches it
warning: in the working copy of '.system_generated/tasks/task-6777.log', LF will be replaced by CRLF the next time Git touches it
warning: in the working copy of '.system_generated/tasks/task-7090.log', LF will be replaced by CRLF the next time Git touches it
warning: in the working copy of '.system_generated/tasks/task-7205.log', LF will be replaced by CRLF the next time Git touches it
warning: in the working copy of '.system_generated/tasks/task-7421.log', LF will be replaced by CRLF the next time Git touches it
warning: in the working copy of '.system_generated/tasks/task-7531.log', LF will be replaced by CRLF the next time Git touches it
warning: in the working copy of '.system_generated/tasks/task-7621.log', LF will be replaced by CRLF the next time Git touches it
warning: in the working copy of '.system_generated/tasks/task-7628.log', LF will be replaced by CRLF the next time Git touches it
warning: in the working copy of '.system_generated/tasks/task-7635.log', LF will be replaced by CRLF the next time Git touches it
warning: in the working copy of '.system_generated/tasks/task-7642.log', LF will be replaced by CRLF the next time Git touches it
warning: in the working copy of '.system_generated/tasks/task-7658.log', LF will be replaced by CRLF the next time Git touches it
warning: in the working copy of '.system_generated/tasks/task-7665.log', LF will be replaced by CRLF the next time Git touches it
warning: in the working copy of '.system_generated/tasks/task-7688.log', LF will be replaced by CRLF the next time Git touches it
warning: in the working copy of '.system_generated/tasks/task-7798.log', LF will be replaced by CRLF the next time Git touches it
warning: in the working copy of '.system_generated/tasks/task-7914.log', LF will be replaced by CRLF the next time Git touches it
warning: in the working copy of '.system_generated/tasks/task-7936.log', LF will be replaced by CRLF the next time Git touches it
warning: in the working copy of '.system_generated/tasks/task-7952.log', LF will be replaced by CRLF the next time Git touches it
warning: in the working copy of '.system_generated/tasks/task-8015.log', LF will be replaced by CRLF the next time Git touches it
warning: in the working copy of 'artifacts/verification_report.md', LF will be replaced by CRLF the next time Git touches it
warning: in the working copy of 'artifacts/verification_report.md.metadata.json', LF will be replaced by CRLF the next time Git touches it
warning: in the working copy of 'debug_amazon_urls.js', LF will be replaced by CRLF the next time Git touches it
warning: in the working copy of 'debug_amazon_urls.js.metadata.json', LF will be replaced by CRLF the next time Git touches it
warning: adding embedded git repository: deploy
hint: You've added another git repository inside your current repository.
hint: Clones of the outer repository will not contain the contents of
hint: the embedded repository and will not know how to obtain it.
hint: If you meant to add a submodule, use:
hint: 
hint: 	git submodule add <url> deploy
hint: 
hint: If you added this path by mistake, you can remove it from the
hint: index with:
hint: 
hint: 	git rm --cached deploy
hint: 
hint: See "git help submodule" for more information.
warning: in the working copy of 'email_parser_script.js', LF will be replaced by CRLF the next time Git touches it
warning: in the working copy of 'email_parser_script.js.metadata.json', LF will be replaced by CRLF the next time Git touches it
warning: in the working copy of 'implementation_plan.md', LF will be replaced by CRLF the next time Git touches it
warning: in the working copy of 'implementation_plan.md.metadata.json', LF will be replaced by CRLF the next time Git touches it
warning: in the working copy of 'implementation_plan_email_sync.md', LF will be replaced by CRLF the next time Git touches it
warning: in the working copy of 'implementation_plan_email_sync.md.metadata.json', LF will be replaced by CRLF the next time Git touches it
warning: in the working copy of 'scratch/create_test.py', LF will be replaced by CRLF the next time Git touches it
warning: in the working copy of 'scratch/create_test.py.metadata.json', LF will be replaced by CRLF the next time Git touches it
warning: in the working copy of 'scratch/fix_encoding.py', LF will be replaced by CRLF the next time Git touches it
warning: in the working copy of 'scratch/fix_encoding.py.metadata.json', LF will be replaced by CRLF the next time Git touches it
warning: in the working copy of 'scratch/generate_gas.py', LF will be replaced by CRLF the next time Git touches it
warning: in the working copy of 'scratch/generate_gas_advanced.py', LF will be replaced by CRLF the next time Git touches it
warning: in the working copy of 'scratch/generate_gas_advanced_no_gb.py', LF will be replaced by CRLF the next time Git touches it
warning: in the working copy of 'scratch/generate_gas_verbose.py', LF will be replaced by CRLF the next time Git touches it
warning: in the working copy of 'scratch/patch_script.py', LF will be replaced by CRLF the next time Git touches it
warning: in the working copy of 'scratch/patch_script.py.metadata.json', LF will be replaced by CRLF the next time Git touches it
warning: in the working copy of 'scratch/run_500_test.py', LF will be replaced by CRLF the next time Git touches it
warning: in the working copy of 'scratch/run_500_test.py.metadata.json', LF will be replaced by CRLF the next time Git touches it
warning: in the working copy of 'scratch/run_test.py', LF will be replaced by CRLF the next time Git touches it
warning: in the working copy of 'scratch/run_test.py.metadata.json', LF will be replaced by CRLF the next time Git touches it
warning: in the working copy of 'scratch/take_screenshots.py', LF will be replaced by CRLF the next time Git touches it
warning: in the working copy of 'scratch/test_all_books.py', LF will be replaced by CRLF the next time Git touches it
warning: in the working copy of 'scratch/test_modal.py', LF will be replaced by CRLF the next time Git touches it
warning: in the working copy of 'scratch/test_modal.py.metadata.json', LF will be replaced by CRLF the next time Git touches it
warning: in the working copy of 'scratch/update_editable.py', LF will be replaced by CRLF the next time Git touches it
warning: in the working copy of 'scratch/update_editable.py.metadata.json', LF will be replaced by CRLF the next time Git touches it
warning: in the working copy of 'task.md', LF will be replaced by CRLF the next time Git touches it
warning: in the working copy of 'task.md.metadata.json', LF will be replaced by CRLF the next time Git touches it
[main 8364fa5] Make title and author editable in UI
 330 files changed, 38941 insertions(+), 10 deletions(-)
 create mode 100644 .system_generated/logs/transcript.jsonl
 create mode 100644 .system_generated/logs/transcript_full.jsonl
 create mode 100644 .system_generated/messages/01b33278-1189-410d-b465-ce9fb2442fe8.json
 create mode 100644 .system_generated/messages/0437954a-4481-4e04-ac04-4be7be8ec293.json
 create mode 100644 .system_generated/messages/09764038-8cfa-487c-bb3f-278c46a716d5.json
 create mode 100644 .system_generated/messages/0a0ea645-7618-42c4-8f6f-9895abd02a8b.json
 create mode 100644 .system_generated/messages/0b95f34e-75f0-41d8-8e90-97660da3689c.json
 create mode 100644 .system_generated/messages/0d29326e-995c-4f6f-afa3-0608b7b8c394.json
 create mode 100644 .system_generated/messages/11e4a34b-abff-42c5-99e9-2eba858dc362.json
 create mode 100644 .system_generated/messages/13a1258f-dac3-4ca4-abda-f6472b332289.json
 create mode 100644 .system_generated/messages/14aa3f5b-761a-4f4c-9a74-fe6d62853629.json
 create mode 100644 .system_generated/messages/157c67fe-05a5-4d0a-8fd9-399a2417f1b5.json
 create mode 100644 .system_generated/messages/168c2b53-33aa-41d4-ae09-882347146341.json
 create mode 100644 .system_generated/messages/2142ca76-196e-4c28-ba17-4aa075b0351c.json
 create mode 100644 .system_generated/messages/22a3219b-906c-4d0c-9ea2-d59c2612fb49.json
 create mode 100644 .system_generated/messages/25c57022-26b2-4058-bce1-9ae1b1b43bb0.json
 create mode 100644 .system_generated/messages/2c9f1ed5-c0a2-456a-bd33-15cfdb16dee8.json
 create mode 100644 .system_generated/messages/2e2d4df6-9e26-4c83-aa35-2916cb13f0b2.json
 create mode 100644 .system_generated/messages/2e4c1fe7-2755-4765-8888-9af219e287a0.json
 create mode 100644 .system_generated/messages/31727040-9ca2-4c1b-b204-de58cf42f3b8.json
 create mode 100644 .system_generated/messages/3432f7d5-a570-4f74-aa62-42b47e538c58.json
 create mode 100644 .system_generated/messages/385ef8a2-b500-4fc3-90db-8730b3024778.json
 create mode 100644 .system_generated/messages/3b50fa32-21a2-42cd-9a01-82d623ec0b07.json
 create mode 100644 .system_generated/messages/3b95cb2c-56ce-4d0f-9dcc-b1879eb16f55.json
 create mode 100644 .system_generated/messages/3c950bb6-d716-47bd-92f5-ce996e9934ae.json
 create mode 100644 .system_generated/messages/42c9502b-434b-4080-8340-1658acad4835.json
 create mode 100644 .system_generated/messages/441b2ee9-fee0-4672-8794-3efce5e8bd61.json
 create mode 100644 .system_generated/messages/44c4d9a3-3ea4-42ed-95d9-6e94cbc8cd2d.json
 create mode 100644 .system_generated/messages/48794968-73c6-425b-b5ba-ead8ac710f1f.json
 create mode 100644 .system_generated/messages/49444e73-af04-44b4-bb1f-0f39e73436bf.json
 create mode 100644 .system_generated/messages/4af7e997-00bd-4706-ac41-533d93fc3147.json
 create mode 100644 .system_generated/messages/4ced6048-2861-46fd-b3a1-c815f14fb7a1.json
 create mode 100644 .system_generated/messages/4dd44367-6952-48e6-8cc8-47dffcb9bee9.json
 create mode 100644 .system_generated/messages/4f4603f0-6a8c-48c8-b083-c15839715806.json
 create mode 100644 .system_generated/messages/591e2b40-7d24-40b5-be63-1f93af6c2eff.json
 create mode 100644 .system_generated/messages/5a328d31-470a-495c-8b8d-2b9662009bc3.json
 create mode 100644 .system_generated/messages/5b18db51-68f2-4a8e-87d3-07b304f27b3a.json
 create mode 100644 .system_generated/messages/5dab9ea6-4a4d-4673-a991-e15b4d6f81d9.json
 create mode 100644 .system_generated/messages/5f8b71ff-1127-49bc-bf38-77afadf50c3f.json
 create mode 100644 .system_generated/messages/60d141f6-2eb4-45ce-b968-2c15992412fb.json
 create mode 100644 .system_generated/messages/626e903c-dab3-44a9-a05d-50c89b247382.json
 create mode 100644 .system_generated/messages/639ff101-7410-417b-b931-3e047beff779.json
 create mode 100644 .system_generated/messages/65d5cc3a-6aaa-4fa9-9463-af97d1d34d7f.json
 create mode 100644 .system_generated/messages/65d8eeae-b4f3-4bc7-b1e3-42b5a73bce7b.json
 create mode 100644 .system_generated/messages/6667cace-c39d-4ad0-8b87-e47aa3796374.json
 create mode 100644 .system_generated/messages/66d83f71-11ba-4c54-8292-d134eb33da4b.json
 create mode 100644 .system_generated/messages/6a5dff96-e0c3-4e9b-a503-17102bc4ac1e.json
 create mode 100644 .system_generated/messages/6bc18d9e-028d-40c5-ae2f-9e5174498254.json
 create mode 100644 .system_generated/messages/6f54053c-5c8e-4088-ac00-37c1406edc3c.json
 create mode 100644 .system_generated/messages/6f8e1f05-5a59-4052-ae41-c606618a0ba4.json
 create mode 100644 .system_generated/messages/76e019ad-af5c-4d3f-9feb-21559eb83326.json
 create mode 100644 .system_generated/messages/771c2ba0-3217-421b-8c1a-ef6ec906e876.json
 create mode 100644 .system_generated/messages/7ebc5ed1-a9ea-45b1-a3e5-5eab32651449.json
 create mode 100644 .system_generated/messages/802de625-2edd-4afb-b7e0-63ceccbd071d.json
 create mode 100644 .system_generated/messages/810d9a65-c5af-4de5-bf1b-325dca39be4c.json
 create mode 100644 .system_generated/messages/83bbd4b6-ffc3-443a-bff7-e6e297a55257.json
 create mode 100644 .system_generated/messages/89484e99-9f6f-46fe-9b28-f98f41fb609b.json
 create mode 100644 .system_generated/messages/8a0c7fd7-c318-4f76-ab90-6ef633ee77a4.json
 create mode 100644 .system_generated/messages/8be1a24b-9605-4c79-99c8-8fd34dbd4d27.json
 create mode 100644 .system_generated/messages/8c4b2e1c-3f33-47dc-b30f-6de08a7cb147.json
 create mode 100644 .system_generated/messages/8f27ab07-a951-438d-917a-910b32ffb0ab.json
 create mode 100644 .system_generated/messages/953baa3e-54b9-47e7-9e71-f39fea53792e.json
 create mode 100644 .system_generated/messages/956ada24-9f58-4487-a7d1-ebe44cbe3ea3.json
 create mode 100644 .system_generated/messages/980e160e-985e-439e-9821-af56b76466ea.json
 create mode 100644 .system_generated/messages/a1938e3c-691c-43a1-b8ad-1ae577d35a8d.json
 create mode 100644 .system_generated/messages/a501141d-49b5-4c34-b95e-61f51c0eaf1c.json
 create mode 100644 .system_generated/messages/a605ce32-3474-4bec-b60d-b72bcdae43f4.json
 create mode 100644 .system_generated/messages/a620d515-1e35-4da2-a3f2-c75ec1b054c8.json
 create mode 100644 .system_generated/messages/a8fdee5b-3664-4b2b-a2e4-369049564111.json
 create mode 100644 .system_generated/messages/a9930ecc-13bb-4a98-8c83-71f2b876ec4b.json
 create mode 100644 .system_generated/messages/b0ddb354-8f2d-4e8e-9458-53a865274b08.json
 create mode 100644 .system_generated/messages/b2863606-6317-48d8-84db-2e094a8c8699.json
 create mode 100644 .system_generated/messages/b67604e3-4b3d-4daa-8a73-8b761272bf00.json
 create mode 100644 .system_generated/messages/b9f3d461-a3f2-4f53-8898-14af20d95a17.json
 create mode 100644 .system_generated/messages/bf8c259d-9566-4f2f-ae9b-66b44fb1ad23.json
 create mode 100644 .system_generated/messages/c020c389-c715-4458-94bc-361a43152103.json
 create mode 100644 .system_generated/messages/c40aa0fa-12c0-4eb7-85df-d2fb7610fcdf.json
 create mode 100644 .system_generated/messages/c567a699-463b-473c-8f79-be1c6567cec6.json
 create mode 100644 .system_generated/messages/c8a6d188-2ded-4dce-89f3-cd0dd4b14865.json
 create mode 100644 .system_generated/messages/ca95ef5d-c7e3-43dc-b0b8-cd870af53efe.json
 create mode 100644 .system_generated/messages/cb6ec67b-5700-4a8b-92c1-f0bc9ad39cd6.json
 create mode 100644 .system_generated/messages/d2182d67-e9ff-4d59-b46d-56c7c137dfbb.json
 create mode 100644 .system_generated/messages/da9a39a9-925f-4809-ba83-ca123b8cf211.json
 create mode 100644 .system_generated/messages/dba7cfc4-5c2b-4b4b-8be6-6d253d4e5e8f.json
 create mode 100644 .system_generated/messages/dfd9f22a-acc7-4e8c-ba86-51208e309932.json
 create mode 100644 .system_generated/messages/dfe0e302-5cb6-433f-9d05-d276564661ff.json
 create mode 100644 .system_generated/messages/e4c78fe5-44f7-453e-bb2b-2cbc401222b1.json
 create mode 100644 .system_generated/messages/efa93b98-8048-4f2f-8c6b-af1b087dce99.json
 create mode 100644 .system_generated/messages/f480e922-7d99-4cc3-ad5c-b13db2b8ea24.json
 create mode 100644 .system_generated/messages/f580bac6-fa35-4dfa-bf38-802569eb54ff.json
 create mode 100644 .system_generated/messages/f6f8b663-5618-4121-be50-c64ab35e247e.json
 create mode 100644 .system_generated/messages/read.json
 create mode 100644 .system_generated/tasks/task-1012.log
 create mode 100644 .system_generated/tasks/task-1046.log
 create mode 100644 .system_generated/tasks/task-1070.log
 create mode 100644 .system_generated/tasks/task-1080.log
 create mode 100644 .system_generated/tasks/task-1087.log
 create mode 100644 .system_generated/tasks/task-1094.log
 create mode 100644 .system_generated/tasks/task-1101.log
 create mode 100644 .system_generated/tasks/task-1114.log
 create mode 100644 .system_generated/tasks/task-1117.log
 create mode 100644 .system_generated/tasks/task-1180.log
 create mode 100644 .system_generated/tasks/task-1189.log
 create mode 100644 .system_generated/tasks/task-1471.log
 create mode 100644 .system_generated/tasks/task-1524.log
 create mode 100644 .system_generated/tasks/task-1572.log
 create mode 100644 .system_generated/tasks/task-176.log
 create mode 100644 .system_generated/tasks/task-1890.log
 create mode 100644 .system_generated/tasks/task-190.log
 create mode 100644 .system_generated/tasks/task-1907.log
 create mode 100644 .system_generated/tasks/task-1923.log
 create mode 100644 .system_generated/tasks/task-1942.log
 create mode 100644 .system_generated/tasks/task-1968.log
 create mode 100644 .system_generated/tasks/task-1990.log
 create mode 100644 .system_generated/tasks/task-2130.log
 create mode 100644 .system_generated/tasks/task-2149.log
 create mode 100644 .system_generated/tasks/task-2232.log
 create mode 100644 .system_generated/tasks/task-2239.log
 create mode 100644 .system_generated/tasks/task-2258.log
 create mode 100644 .system_generated/tasks/task-2388.log
 create mode 100644 .system_generated/tasks/task-239.log
 create mode 100644 .system_generated/tasks/task-2407.log
 create mode 100644 .system_generated/tasks/task-2413.log
 create mode 100644 .system_generated/tasks/task-2425.log
 create mode 100644 .system_generated/tasks/task-2747.log
 create mode 100644 .system_generated/tasks/task-2757.log
 create mode 100644 .system_generated/tasks/task-339.log
 create mode 100644 .system_generated/tasks/task-3602.log
 create mode 100644 .system_generated/tasks/task-3648.log
 create mode 100644 .system_generated/tasks/task-3651.log
 create mode 100644 .system_generated/tasks/task-3659.log
 create mode 100644 .system_generated/tasks/task-3662.log
 create mode 100644 .system_generated/tasks/task-3665.log
 create mode 100644 .system_generated/tasks/task-3668.log
 create mode 100644 .system_generated/tasks/task-3692.log
 create mode 100644 .system_generated/tasks/task-3698.log
 create mode 100644 .system_generated/tasks/task-3701.log
 create mode 100644 .system_generated/tasks/task-3723.log
 create mode 100644 .system_generated/tasks/task-3726.log
 create mode 100644 .system_generated/tasks/task-3729.log
 create mode 100644 .system_generated/tasks/task-3732.log
 create mode 100644 .system_generated/tasks/task-3735.log
 create mode 100644 .system_generated/tasks/task-3738.log
 create mode 100644 .system_generated/tasks/task-3741.log
 create mode 100644 .system_generated/tasks/task-3744.log
 create mode 100644 .system_generated/tasks/task-3915.log
 create mode 100644 .system_generated/tasks/task-3952.log
 create mode 100644 .system_generated/tasks/task-4011.log
 create mode 100644 .system_generated/tasks/task-4021.log
 create mode 100644 .system_generated/tasks/task-4036.log
 create mode 100644 .system_generated/tasks/task-4052.log
 create mode 100644 .system_generated/tasks/task-4090.log
 create mode 100644 .system_generated/tasks/task-4202.log
 create mode 100644 .system_generated/tasks/task-4451.log
 create mode 100644 .system_generated/tasks/task-4502.log
 create mode 100644 .system_generated/tasks/task-458.log
 create mode 100644 .system_generated/tasks/task-494.log
 create mode 100644 .system_generated/tasks/task-4949.log
 create mode 100644 .system_generated/tasks/task-4989.log
 create mode 100644 .system_generated/tasks/task-5034.log
 create mode 100644 .system_generated/tasks/task-5113.log
 create mode 100644 .system_generated/tasks/task-536.log
 create mode 100644 .system_generated/tasks/task-5531.log
 create mode 100644 .system_generated/tasks/task-561.log
 create mode 100644 .system_generated/tasks/task-59.log
 create mode 100644 .system_generated/tasks/task-6070.log
 create mode 100644 .system_generated/tasks/task-6129.log
 create mode 100644 .system_generated/tasks/task-6160.log
 create mode 100644 .system_generated/tasks/task-6169.log
 create mode 100644 .system_generated/tasks/task-6180.log
 create mode 100644 .system_generated/tasks/task-6198.log
 create mode 100644 .system_generated/tasks/task-6252.log
 create mode 100644 .system_generated/tasks/task-6472.log
 create mode 100644 .system_generated/tasks/task-6514.log
 create mode 100644 .system_generated/tasks/task-6530.log
 create mode 100644 .system_generated/tasks/task-6536.log
 create mode 100644 .system_generated/tasks/task-6560.log
 create mode 100644 .system_generated/tasks/task-6566.log
 create mode 100644 .system_generated/tasks/task-6595.log
 create mode 100644 .system_generated/tasks/task-6648.log
 create mode 100644 .system_generated/tasks/task-6676.log
 create mode 100644 .system_generated/tasks/task-6700.log
 create mode 100644 .system_generated/tasks/task-6718.log
 create mode 100644 .system_generated/tasks/task-6759.log
 create mode 100644 .system_generated/tasks/task-6777.log
 create mode 100644 .system_generated/tasks/task-689.log
 create mode 100644 .system_generated/tasks/task-696.log
 create mode 100644 .system_generated/tasks/task-703.log
 create mode 100644 .system_generated/tasks/task-7038.log
 create mode 100644 .system_generated/tasks/task-7050.log
 create mode 100644 .system_generated/tasks/task-7063.log
 create mode 100644 .system_generated/tasks/task-7090.log
 create mode 100644 .system_generated/tasks/task-710.log
 create mode 100644 .system_generated/tasks/task-7100.log
 create mode 100644 .system_generated/tasks/task-7106.log
 create mode 100644 .system_generated/tasks/task-7120.log
 create mode 100644 .system_generated/tasks/task-7133.log
 create mode 100644 .system_generated/tasks/task-7152.log
 create mode 100644 .system_generated/tasks/task-7162.log
 create mode 100644 .system_generated/tasks/task-7166.log
 create mode 100644 .system_generated/tasks/task-7176.log
 create mode 100644 .system_generated/tasks/task-7186.log
 create mode 100644 .system_generated/tasks/task-720.log
 create mode 100644 .system_generated/tasks/task-7205.log
 create mode 100644 .system_generated/tasks/task-7235.log
 create mode 100644 .system_generated/tasks/task-730.log
 create mode 100644 .system_generated/tasks/task-7302.log
 create mode 100644 .system_generated/tasks/task-7312.log
 create mode 100644 .system_generated/tasks/task-737.log
 create mode 100644 .system_generated/tasks/task-7393.log
 create mode 100644 .system_generated/tasks/task-7421.log
 create mode 100644 .system_generated/tasks/task-7469.log
 create mode 100644 .system_generated/tasks/task-7485.log
 create mode 100644 .system_generated/tasks/task-7491.log
 create mode 100644 .system_generated/tasks/task-7521.log
 create mode 100644 .system_generated/tasks/task-7531.log
 create mode 100644 .system_generated/tasks/task-7570.log
 create mode 100644 .system_generated/tasks/task-7621.log
 create mode 100644 .system_generated/tasks/task-7628.log
 create mode 100644 .system_generated/tasks/task-7635.log
 create mode 100644 .system_generated/tasks/task-7642.log
 create mode 100644 .system_generated/tasks/task-7650.log
 create mode 100644 .system_generated/tasks/task-7658.log
 create mode 100644 .system_generated/tasks/task-7665.log
 create mode 100644 .system_generated/tasks/task-7672.log
 create mode 100644 .system_generated/tasks/task-7682.log
 create mode 100644 .system_generated/tasks/task-7688.log
 create mode 100644 .system_generated/tasks/task-7707.log
 create mode 100644 .system_generated/tasks/task-7720.log
 create mode 100644 .system_generated/tasks/task-7727.log
 create mode 100644 .system_generated/tasks/task-7734.log
 create mode 100644 .system_generated/tasks/task-7741.log
 create mode 100644 .system_generated/tasks/task-7748.log
 create mode 100644 .system_generated/tasks/task-7755.log
 create mode 100644 .system_generated/tasks/task-7762.log
 create mode 100644 .system_generated/tasks/task-7771.log
 create mode 100644 .system_generated/tasks/task-7778.log
 create mode 100644 .system_generated/tasks/task-7785.log
 create mode 100644 .system_generated/tasks/task-7791.log
 create mode 100644 .system_generated/tasks/task-7798.log
 create mode 100644 .system_generated/tasks/task-7809.log
 create mode 100644 .system_generated/tasks/task-7816.log
 create mode 100644 .system_generated/tasks/task-7823.log
 create mode 100644 .system_generated/tasks/task-7865.log
 create mode 100644 .system_generated/tasks/task-7871.log
 create mode 100644 .system_generated/tasks/task-7914.log
 create mode 100644 .system_generated/tasks/task-792.log
 create mode 100644 .system_generated/tasks/task-7936.log
 create mode 100644 .system_generated/tasks/task-7952.log
 create mode 100644 .system_generated/tasks/task-7965.log
 create mode 100644 .system_generated/tasks/task-7981.log
 create mode 100644 .system_generated/tasks/task-8015.log
 create mode 100644 .system_generated/tasks/task-808.log
 create mode 100644 .system_generated/tasks/task-823.log
 create mode 100644 .system_generated/tasks/task-830.log
 create mode 100644 .system_generated/tasks/task-841.log
 create mode 100644 .system_generated/tasks/task-869.log
 create mode 100644 .system_generated/tasks/task-876.log
 create mode 100644 .system_generated/tasks/task-889.log
 create mode 100644 .system_generated/tasks/task-902.log
 create mode 100644 .system_generated/tasks/task-909.log
 create mode 100644 .system_generated/tasks/task-919.log
 create mode 100644 .system_generated/tasks/task-948.log
 create mode 100644 .user_uploaded/media_1785953107968.jpg
 create mode 100644 .user_uploaded/media_1785953323371.jpg
 create mode 100644 .user_uploaded/media_1786182143050.png
 create mode 100644 .user_uploaded/media_1786182143069.png
 create mode 100644 .user_uploaded/media_1786184180190.jpg
 create mode 100644 .user_uploaded/media_1786184344495.jpg
 create mode 100644 .user_uploaded/media_1786186052240.png
 create mode 100644 .user_uploaded/media_1786387578761.jpg
 create mode 100644 .user_uploaded/media_1786387578762.jpg
 create mode 100644 .user_uploaded/media_1786439195524.jpg
 create mode 100644 .user_uploaded/media_1786637182226.jpg
 create mode 100644 .user_uploaded/media_1786637182246.jpg
 create mode 100644 .user_uploaded/media_1786644202877.jpg
 create mode 100644 .user_uploaded/media_1786644371365.jpg
 create mode 100644 .user_uploaded/media_1786644675940.jpg
 create mode 100644 .user_uploaded/media_1786644675979.jpg
 create mode 100644 .user_uploaded/media_1786644675981.jpg
 create mode 100644 .user_uploaded/media_1786645138257.jpg
 create mode 100644 artifacts/main_list_view.png
 create mode 100644 artifacts/modal_view.png
 create mode 100644 artifacts/scanner_confirm_modal.png
 create mode 100644 artifacts/verification_report.md
 create mode 100644 artifacts/verification_report.md.metadata.json
 create mode 100644 debug_amazon_urls.js
 create mode 100644 debug_amazon_urls.js.metadata.json
 create mode 160000 deploy
 create mode 100644 email_parser_script.js
 create mode 100644 email_parser_script.js.metadata.json
 create mode 100644 gas_test_script.js
 create mode 100644 gas_test_script_advanced.js
 create mode 100644 gas_test_script_advanced_no_gb.js
 create mode 100644 gas_test_script_verbose.js
 create mode 100644 github_urls.txt
 create mode 100644 implementation_plan.md
 create mode 100644 implementation_plan.md.metadata.json
 create mode 100644 implementation_plan_email_sync.md
 create mode 100644 implementation_plan_email_sync.md.metadata.json
 create mode 100644 memory_dict.txt
 create mode 100644 memory_dict_utf8.txt
 create mode 100644 scratch/create_test.py
 create mode 100644 scratch/create_test.py.metadata.json
 create mode 100644 scratch/fix_encoding.py
 create mode 100644 scratch/fix_encoding.py.metadata.json
 create mode 100644 scratch/generate_gas.py
 create mode 100644 scratch/generate_gas_advanced.py
 create mode 100644 scratch/generate_gas_advanced_no_gb.py
 create mode 100644 scratch/generate_gas_verbose.py
 create mode 100644 scratch/patch_script.py
 create mode 100644 scratch/patch_script.py.metadata.json
 create mode 100644 scratch/run_500_test.py
 create mode 100644 scratch/run_500_test.py.metadata.json
 create mode 100644 scratch/run_test.py
 create mode 100644 scratch/run_test.py.metadata.json
 create mode 100644 scratch/take_screenshots.py
 create mode 100644 scratch/test_all_books.py
 create mode 100644 scratch/test_modal.py
 create mode 100644 scratch/test_modal.py.metadata.json
 create mode 100644 scratch/update_editable.py
 create mode 100644 scratch/update_editable.py.metadata.json
 create mode 100644 task.md
 create mode 100644 task.md.metadata.json
 create mode 100644 temp_script_218.js
 create mode 100644 temp_script_857.js
To https://github.com/gunupoke/book_viewer.git
   a775df1..8364fa5  main -> main
